>> trending
1 VE280: 45
2 SU2020: 42
3 VE492: 22
>> visit
marstin
stranger
Followers: 3
Following: 4
>> follow
>> refresh
paul.weng
Course Description of VE492
Introduction to the core concepts of AI, organized around building computational agents. Emphasizes the application of AI techniques. Topics include search, logic, knowledge representation, reasoning, planning, decision making under uncertainty, and machine learning.
Tags: VE492 SU2020 
Likes: 4
Comments:
xie_jinglei: This course is very interesting and useful for CS students!
marstin: I am glad to be the TA of this course this semester.
- - - - - - - - - - - - - - -
paul.weng
Course Description of VE280
This course is an introduction to programming and provides a foundation for data structures. The emphasis of this course will be techniques and principles to quickly write correct programs. This course is not simply a course about programming. Rather, it focuses on concepts and methods underpinning the C++ language.
Tags: VE280 SU2020 
Likes: 6
Comments:
leepace666666: Glad to be the TA of VE280 this semester, let's work!
fyq990508: Welcome to VE280!
zhuzhuoer: VE280 is a foundation for future courses.
- - - - - - - - - - - - - - -
marstin
TA Appointment
Hey guys, I will be the TA for VE280 and VE492 this semester. Let's have fun.
Tags: VE492 VE280 SU2020 
Likes: 2
- - - - - - - - - - - - - - -
marstin
VE280 Lab1
As introduced in the first lecture, we have labs this semester. In each lab, you will be completing around 3 short programming exercises, designed by one of the staffs. When you finish the lab exercises, simply submit your answer to the online-judge.
Tags: VE280 
Likes: 2
Comments:
fyq990508: Hey dude, I will be in charge of lab2.
- - - - - - - - - - - - - - -
marstin
Designing VE280 Project
Why are projects so hard to design?????????
Tags: VE280 
Likes: 0
Comments:
zhuzhuoer: True.
- - - - - - - - - - - - - - -
>> post
>> follow
>> like
>> refresh
zhuzhuoer
Writing Project 2
I am writing the sample code for ve280 project 2.
Tags: VE280 
Likes: 1
- - - - - - - - - - - - - - -
paul.weng
Course Description of VE492
Introduction to the core concepts of AI, organized around building computational agents. Emphasizes the application of AI techniques. Topics include search, logic, knowledge representation, reasoning, planning, decision making under uncertainty, and machine learning.
Tags: VE492 SU2020 
Likes: 4
Comments:
xie_jinglei: This course is very interesting and useful for CS students!
marstin: I am glad to be the TA of this course this semester.
- - - - - - - - - - - - - - -
paul.weng
Course Description of VE280
This course is an introduction to programming and provides a foundation for data structures. The emphasis of this course will be techniques and principles to quickly write correct programs. This course is not simply a course about programming. Rather, it focuses on concepts and methods underpinning the C++ language.
Tags: VE280 SU2020 
Likes: 6
Comments:
leepace666666: Glad to be the TA of VE280 this semester, let's work!
fyq990508: Welcome to VE280!
zhuzhuoer: VE280 is a foundation for future courses.
- - - - - - - - - - - - - - -
marstin
TA Appointment
Hey guys, I will be the TA for VE280 and VE492 this semester. Let's have fun.
Tags: VE492 VE280 SU2020 
Likes: 2
- - - - - - - - - - - - - - -
marstin
VE280 Lab1
As introduced in the first lecture, we have labs this semester. In each lab, you will be completing around 3 short programming exercises, designed by one of the staffs. When you finish the lab exercises, simply submit your answer to the online-judge.
Tags: VE280 
Likes: 2
Comments:
fyq990508: Hey dude, I will be in charge of lab2.
- - - - - - - - - - - - - - -
marstin
Designing VE280 Project
Why are projects so hard to design?????????
Tags: VE280 
Likes: 0
Comments:
zhuzhuoer: True.
- - - - - - - - - - - - - - -
>> comment
>> refresh
marstin
TA Appointment
Hey guys, I will be the TA for VE280 and VE492 this semester. Let's have fun.
Tags: VE492 VE280 SU2020 
Likes: 2
- - - - - - - - - - - - - - -
marstin
VE280 Lab1
As introduced in the first lecture, we have labs this semester. In each lab, you will be completing around 3 short programming exercises, designed by one of the staffs. When you finish the lab exercises, simply submit your answer to the online-judge.
Tags: VE280 
Likes: 2
Comments:
fyq990508: Hey dude, I will be in charge of lab2.
- - - - - - - - - - - - - - -
marstin
Designing VE280 Project
Why are projects so hard to design?????????
Tags: VE280 
Likes: 0
Comments:
zhuzhuoer: True.
- - - - - - - - - - - - - - -
paul.weng
Course Description of VE492
Introduction to the core concepts of AI, organized around building computational agents. Emphasizes the application of AI techniques. Topics include search, logic, knowledge representation, reasoning, planning, decision making under uncertainty, and machine learning.
Tags: VE492 SU2020 
Likes: 4
Comments:
xie_jinglei: This course is very interesting and useful for CS students!
marstin: I am glad to be the TA of this course this semester.
- - - - - - - - - - - - - - -
paul.weng
Course Description of VE280
This course is an introduction to programming and provides a foundation for data structures. The emphasis of this course will be techniques and principles to quickly write correct programs. This course is not simply a course about programming. Rather, it focuses on concepts and methods underpinning the C++ language.
Tags: VE280 SU2020 
Likes: 6
Comments:
leepace666666: Glad to be the TA of VE280 this semester, let's work!
fyq990508: Welcome to VE280!
zhuzhuoer: VE280 is a foundation for future courses.
- - - - - - - - - - - - - - -
zhuzhuoer
Writing Project 2
I am writing the sample code for ve280 project 2.
Tags: VE280 
Likes: 1
Comments:
marstin: Ummm, good luck dude.
- - - - - - - - - - - - - - -
>> trending
1 VE280: 54
2 SU2020: 42
3 VE492: 22
>> unlike
>> unlike
Error: marstin cannot unlike post #1 of zhuzhuoer!
marstin has not liked post #1 of zhuzhuoer.
>> uncomment
>> refresh
zhuzhuoer
Writing Project 2
I am writing the sample code for ve280 project 2.
Tags: VE280 
Likes: 0
- - - - - - - - - - - - - - -
paul.weng
Course Description of VE492
Introduction to the core concepts of AI, organized around building computational agents. Emphasizes the application of AI techniques. Topics include search, logic, knowledge representation, reasoning, planning, decision making under uncertainty, and machine learning.
Tags: VE492 SU2020 
Likes: 4
Comments:
xie_jinglei: This course is very interesting and useful for CS students!
marstin: I am glad to be the TA of this course this semester.
- - - - - - - - - - - - - - -
paul.weng
Course Description of VE280
This course is an introduction to programming and provides a foundation for data structures. The emphasis of this course will be techniques and principles to quickly write correct programs. This course is not simply a course about programming. Rather, it focuses on concepts and methods underpinning the C++ language.
Tags: VE280 SU2020 
Likes: 6
Comments:
leepace666666: Glad to be the TA of VE280 this semester, let's work!
fyq990508: Welcome to VE280!
zhuzhuoer: VE280 is a foundation for future courses.
- - - - - - - - - - - - - - -
marstin
TA Appointment
Hey guys, I will be the TA for VE280 and VE492 this semester. Let's have fun.
Tags: VE492 VE280 SU2020 
Likes: 2
- - - - - - - - - - - - - - -
marstin
VE280 Lab1
As introduced in the first lecture, we have labs this semester. In each lab, you will be completing around 3 short programming exercises, designed by one of the staffs. When you finish the lab exercises, simply submit your answer to the online-judge.
Tags: VE280 
Likes: 2
Comments:
fyq990508: Hey dude, I will be in charge of lab2.
- - - - - - - - - - - - - - -
marstin
Designing VE280 Project
Why are projects so hard to design?????????
Tags: VE280 
Likes: 0
Comments:
zhuzhuoer: True.
- - - - - - - - - - - - - - -
>> delete
>> unfollow
>> refresh
marstin
TA Appointment
Hey guys, I will be the TA for VE280 and VE492 this semester. Let's have fun.
Tags: VE492 VE280 SU2020 
Likes: 2
- - - - - - - - - - - - - - -
marstin
VE280 Lab1
As introduced in the first lecture, we have labs this semester. In each lab, you will be completing around 3 short programming exercises, designed by one of the staffs. When you finish the lab exercises, simply submit your answer to the online-judge.
Tags: VE280 
Likes: 2
Comments:
fyq990508: Hey dude, I will be in charge of lab2.
- - - - - - - - - - - - - - -
marstin
Designing VE280 Project
Why are projects so hard to design?????????
Tags: VE280 
Likes: 0
Comments:
zhuzhuoer: True.
- - - - - - - - - - - - - - -
paul.weng
Course Description of VE492
Introduction to the core concepts of AI, organized around building computational agents. Emphasizes the application of AI techniques. Topics include search, logic, knowledge representation, reasoning, planning, decision making under uncertainty, and machine learning.
Tags: VE492 SU2020 
Likes: 4
Comments:
xie_jinglei: This course is very interesting and useful for CS students!
marstin: I am glad to be the TA of this course this semester.
- - - - - - - - - - - - - - -
paul.weng
Course Description of VE280
This course is an introduction to programming and provides a foundation for data structures. The emphasis of this course will be techniques and principles to quickly write correct programs. This course is not simply a course about programming. Rather, it focuses on concepts and methods underpinning the C++ language.
Tags: VE280 SU2020 
Likes: 6
Comments:
leepace666666: Glad to be the TA of VE280 this semester, let's work!
fyq990508: Welcome to VE280!
zhuzhuoer: VE280 is a foundation for future courses.
- - - - - - - - - - - - - - -
